[
  {
    "band": "A",
    "start": "1993-05-25T00:00:00Z",
    "finish": "1993-05-25T00:02:00Z"
  },
  {
    "band": "B",
    "start": "1993-05-25T00:02:00Z",
    "finish": "1993-05-25T00:05:00Z"
  },
  {
    "band": "C",
    "start": "1993-05-25T00:05:00Z",
    "finish": "1993-05-25T00:09:00Z"
  },
  {
    "band": "B",
    "start": "1993-05-25T00:09:00Z",
    "finish": "1993-05-25T00:12:00Z"
  },
  {
    "band": "D",
    "start": "1993-05-25T00:12:00Z",
    "finish": "1993-05-25T00:15:00Z"
  },
  {
    "band": "E",
    "start": "1993-05-25T00:15:00Z",
    "finish": "1993-05-25T00:27:00Z"
  },
  {
    "band": "B",
    "start": "1993-05-25T00:27:00Z",
    "finish": "1993-05-25T00:30:00Z"
  },
  {
    "band": "A",
    "start": "1993-05-25T00:30:00Z",
    "finish": "1993-05-25T00:34:00Z"
  },
  {
    "band": "F",
    "start": "1993-05-25T00:34:00Z",
    "finish": "1993-05-25T00:55:00Z"
  },
  {
    "band": "A",
    "start": "1993-05-25T00:55:00Z",
    "finish": "1993-05-25T00:58:00Z"
  }
]
