[
  {
    "band": "B",
    "start": "1993-05-25T00:00:00Z",
    "finish": "1993-05-25T00:05:00Z"
  },
  {
    "band": "A",
    "start": "1993-05-25T00:05:00Z",
    "finish": "1993-05-25T00:07:00Z"
  },
  {
    "band": "C",
    "start": "1993-05-25T00:07:00Z",
    "finish": "1993-05-25T00:09:00Z"
  },
  {
    "band": "E",
    "start": "1993-05-25T00:09:00Z",
    "finish": "1993-05-25T00:18:00Z"
  },
  {
    "band": "D",
    "start": "1993-05-25T00:18:00Z",
    "finish": "1993-05-25T00:20:00Z"
  },
  {
    "band": "G",
    "start": "1993-05-25T00:20:00Z",
    "finish": "1993-05-25T00:21:00Z"
  },
  {
    "band": "H",
    "start": "1993-05-25T00:21:00Z",
    "finish": "1993-05-25T00:22:00Z"
  },
  {
    "band": "G",
    "start": "1993-05-25T00:22:00Z",
    "finish": "1993-05-25T00:23:00Z"
  },
  {
    "band": "D",
    "start": "1993-05-25T00:23:00Z",
    "finish": "1993-05-25T00:25:00Z"
  },
  {
    "band": "A",
    "start": "1993-05-25T00:25:00Z",
    "finish": "1993-05-25T00:50:00Z"
  }
]
