[
  {
    "band": "A",
    "start": "1993-05-25T00:00:00Z",
    "finish": "1993-05-25T00:02:00Z"
  },
  {
    "band": "B",
    "start": "1993-05-25T00:05:00Z",
    "finish": "1993-05-25T00:07:00Z"
  },
  {
    "band": "C",
    "start": "1993-05-25T00:07:00Z",
    "finish": "1993-05-25T00:09:00Z"
  },
  {
    "band": "D",
    "start": "1993-05-25T00:09:00Z",
    "finish": "1993-05-25T00:11:00Z"
  },
  {
    "band": "E",
    "start": "1993-05-25T00:11:00Z",
    "finish": "1993-05-25T00:13:00Z"
  },
  {
    "band": "F",
    "start": "1993-05-25T00:13:00Z",
    "finish": "1993-05-25T00:14:00Z"
  },
  {
    "band": "G",
    "start": "1993-05-25T00:14:00Z",
    "finish": "1993-05-25T00:18:00Z"
  },
  {
    "band": "J",
    "start": "1993-05-25T00:18:00Z",
    "finish": "1993-05-25T00:25:00Z"
  },
  {
    "band": "C",
    "start": "1993-05-25T00:25:00Z",
    "finish": "1993-05-25T00:28:00Z"
  },
  {
    "band": "B",
    "start": "1993-05-25T00:28:00Z",
    "finish": "1993-05-25T00:40:00Z"
  },
  {
    "band": "L",
    "start": "1993-05-25T00:40:00Z",
    "finish": "1993-05-25T00:43:00Z"
  },
  {
    "band": "M",
    "start": "1993-05-25T00:43:00Z",
    "finish": "1993-05-25T00:50:00Z"
  },
  {
    "band": "B",
    "start": "1993-05-25T00:50:00Z",
    "finish": "1993-05-25T00:57:00Z"
  }
]
