[
  {
    "band": "A",
    "start": "2018-05-25T00:00:00Z",
    "finish": "2018-05-25T00:05:00Z"
  },
  {
    "band": "C",
    "start": "2018-05-25T00:05:00Z",
    "finish": "2018-05-25T00:07:00Z"
  },
  {
    "band": "C1",
    "start": "2018-05-25T00:07:00Z",
    "finish": "2018-05-25T00:19:00Z"
  },
  {
    "band": "C",
    "start": "2018-05-25T00:19:00Z",
    "finish": "2018-05-25T00:23:00Z"
  },
  {
    "band": "B",
    "start": "2018-05-25T00:23:00Z",
    "finish": "2018-05-25T00:26:00Z"
  },
  {
    "band": "A",
    "start": "2018-05-25T00:26:00Z",
    "finish": "2018-05-25T00:27:00Z"
  },
  {
    "band": "F",
    "start": "2018-05-25T00:27:00Z",
    "finish": "2018-05-25T00:29:00Z"
  },
  {
    "band": "A",
    "start": "2018-05-25T00:29:00Z",
    "finish": "2018-05-25T00:30:00Z"
  },
  {
    "band": "E",
    "start": "2018-05-25T01:05:00Z",
    "finish": "2018-05-25T01:23:00Z"
  }
]
