[
  {
    "band": "B",
    "start": "1993-05-25T00:00:00Z",
    "finish": "1993-05-25T00:05:00Z"
  },
  {
    "band": "A",
    "start": "1993-05-25T00:05:00Z",
    "finish": "1993-05-25T00:07:00Z"
  },
  {
    "band": "C",
    "start": "1993-05-25T00:07:00Z",
    "finish": "1993-05-25T00:10:00Z"
  },
  {
    "band": "A",
    "start": "1993-05-25T00:10:00Z",
    "finish": "1993-05-25T00:12:00Z"
  },
  {
    "band": "D",
    "start": "1993-05-25T00:12:00Z",
    "finish": "1993-05-25T00:20:00Z"
  },
  {
    "band": "A",
    "start": "1993-05-25T00:20:00Z",
    "finish": "1993-05-25T00:50:00Z"
  }
]
